// Jest Snapshot v1, https://goo.gl/fbAQLP

exports[`message component render SenderMessage 1`] = `
<ForwardRef
  onLongPress={[Function]}
  onPress={[Function]}
  style={
    Object {
      "flexDirection": "row",
      "justifyContent": "flex-end",
      "marginVertical": 5,
      "width": "100%",
    }
  }
  underlayColor="#DDD"
>
  <View
    style={
      Array [
        undefined,
        undefined,
      ]
    }
  >
    <View>
      <View>
        <View>
          <Text
            style={
              Object {
                "fontSize": 15,
              }
            }
          >
            Hola
          </Text>
        </View>
        <View>
          <View
            style={
              Object {
                "flexDirection": "row",
              }
            }
          >
            <Text>
              3:43 PM
            </Text>
            <ForwardRef
              onPress={[Function]}
            >
              <Styled(Icon)
                name="error"
                style={
                  Object {
                    "color": "gray",
                    "fontSize": 16,
                    "marginLeft": 10,
                    "marginTop": 2,
                  }
                }
                type="MaterialIcons"
              />
            </ForwardRef>
          </View>
        </View>
      </View>
    </View>
  </View>
</ForwardRef>
`;
